{"synthetic": false,
 "schemaVersion": "2025-09-10",
 "outputs":
 {"o": ["37c610eb93f6f38d.olean"],
  "m": false,
  "i": "1f961c615b074582.ilean",
  "c": "7137f9d725d964e3.c"},
 "log":
 [{"message":
   ".> LEAN_PATH=G:\\TGG-OCL-Neo4j\\use-neo4j\\verification\\lean\\.lake\\build\\lib\\lean c:\\Users\\Admin\\.elan\\toolchains\\leanprover--lean4---v4.32.2\\bin\\lean.exe G:\\TGG-OCL-Neo4j\\use-neo4j\\verification\\lean\\..\\..\\neo4j-tgg\\lean\\CaseStudyVerticalSlices.lean -o G:\\TGG-OCL-Neo4j\\use-neo4j\\verification\\lean\\.lake\\build\\lib\\lean\\CaseStudyVerticalSlices.olean -i G:\\TGG-OCL-Neo4j\\use-neo4j\\verification\\lean\\.lake\\build\\lib\\lean\\CaseStudyVerticalSlices.ilean -c G:\\TGG-OCL-Neo4j\\use-neo4j\\verification\\lean\\.lake\\build\\ir\\CaseStudyVerticalSlices.c --setup G:\\TGG-OCL-Neo4j\\use-neo4j\\verification\\lean\\.lake\\build\\ir\\CaseStudyVerticalSlices.setup.json --json",
   "level": "trace"}],
 "inputs":
 [["CaseStudyVerticalSlices:deps",
   [["deps",
     [["Ocl2CypherProof/Ocl2CypherSupport:extraDep",
       [["@Ocl2CypherProof:extraDep", "00000000000006bb"]]],
      ["imports",
       [["ExtensionalNestedSet transitive imports (legacy)",
         "00000000000006bb"],
        ["ExtensionalNestedSet:importAllArts", "82e6db7fdfa4c2b4"],
        ["CanonicalScalarCodec transitive imports (legacy)",
         "00000000000006bb"],
        ["CanonicalScalarCodec:importAllArts", "9c7f93faa0781848"]]]]],
    ["libs",
     [["import dynlibs", "00000000000006bb"],
      ["package external libraries", "00000000000006bb"],
      ["module dynlibs", "00000000000006bb"],
      ["module plugins", "00000000000006bb"]]]]],
  ["Lean 4.32.2, commit f3b06c705e6c85f5314019d5d3baab0fec5b580c",
   "7508232886a2752a"],
  ["G:\\TGG-OCL-Neo4j\\use-neo4j\\verification\\lean\\..\\..\\neo4j-tgg\\lean\\CaseStudyVerticalSlices.lean",
   "66426b20d92581d8"],
  ["options", "00000000000006bb"],
  ["isModule: false", "feefd2a0d3a1847e"],
  ["Module.name: CaseStudyVerticalSlices", "dae66fed8c769e8d"],
  ["Package.id?: (some Ocl2CypherProof)", "957a07e6278a3948"],
  ["Module.leanArgs: #[]", "00000000000006bb"]],
 "depHash": "149b9643d8f96dbc"}