{"synthetic": false,
 "schemaVersion": "2025-09-10",
 "outputs":
 {"o": ["ed6ec952394fecb1.olean"],
  "m": false,
  "i": "e736121225f2737e.ilean",
  "c": "2bebdf8c5b23482f.c"},
 "log":
 [{"message":
   ".> LEAN_PATH=G:\\TGG-OCL-Neo4j\\use-neo4j\\verification\\lean\\.lake\\build\\lib\\lean c:\\Users\\Admin\\.elan\\toolchains\\leanprover--lean4---v4.32.2\\bin\\lean.exe G:\\TGG-OCL-Neo4j\\use-neo4j\\verification\\lean\\..\\..\\neo4j-tgg\\lean\\ExtensionalNestedSet.lean -o G:\\TGG-OCL-Neo4j\\use-neo4j\\verification\\lean\\.lake\\build\\lib\\lean\\ExtensionalNestedSet.olean -i G:\\TGG-OCL-Neo4j\\use-neo4j\\verification\\lean\\.lake\\build\\lib\\lean\\ExtensionalNestedSet.ilean -c G:\\TGG-OCL-Neo4j\\use-neo4j\\verification\\lean\\.lake\\build\\ir\\ExtensionalNestedSet.c --setup G:\\TGG-OCL-Neo4j\\use-neo4j\\verification\\lean\\.lake\\build\\ir\\ExtensionalNestedSet.setup.json --json",
   "level": "trace"}],
 "inputs":
 [["ExtensionalNestedSet:deps",
   [["deps",
     [["Ocl2CypherProof/Ocl2CypherSupport:extraDep",
       [["@Ocl2CypherProof:extraDep", "00000000000006bb"]]],
      ["imports", "00000000000006bb"]]],
    ["libs",
     [["import dynlibs", "00000000000006bb"],
      ["package external libraries", "00000000000006bb"],
      ["module dynlibs", "00000000000006bb"],
      ["module plugins", "00000000000006bb"]]]]],
  ["Lean 4.32.2, commit f3b06c705e6c85f5314019d5d3baab0fec5b580c",
   "7508232886a2752a"],
  ["G:\\TGG-OCL-Neo4j\\use-neo4j\\verification\\lean\\..\\..\\neo4j-tgg\\lean\\ExtensionalNestedSet.lean",
   "cfb06088039f69c7"],
  ["options", "00000000000006bb"],
  ["isModule: false", "feefd2a0d3a1847e"],
  ["Module.name: ExtensionalNestedSet", "81867abe2cd696a1"],
  ["Package.id?: (some Ocl2CypherProof)", "957a07e6278a3948"],
  ["Module.leanArgs: #[]", "00000000000006bb"]],
 "depHash": "088655b56eecc5d9"}