{"synthetic": false,
 "schemaVersion": "2025-09-10",
 "outputs":
 {"o": ["481e05b4ba31d23a.olean"],
  "m": false,
  "i": "6c3d3be63e7d2998.ilean",
  "c": "054656a6223f9a5d.c"},
 "log":
 [{"message":
   ".> LEAN_PATH=G:\\TGG-OCL-Neo4j\\use-neo4j\\verification\\lean\\.lake\\build\\lib\\lean c:\\Users\\Admin\\.elan\\toolchains\\leanprover--lean4---v4.32.2\\bin\\lean.exe G:\\TGG-OCL-Neo4j\\use-neo4j\\verification\\lean\\Ocl2Gratra.lean -o G:\\TGG-OCL-Neo4j\\use-neo4j\\verification\\lean\\.lake\\build\\lib\\lean\\Ocl2Gratra.olean -i G:\\TGG-OCL-Neo4j\\use-neo4j\\verification\\lean\\.lake\\build\\lib\\lean\\Ocl2Gratra.ilean -c G:\\TGG-OCL-Neo4j\\use-neo4j\\verification\\lean\\.lake\\build\\ir\\Ocl2Gratra.c --setup G:\\TGG-OCL-Neo4j\\use-neo4j\\verification\\lean\\.lake\\build\\ir\\Ocl2Gratra.setup.json --json",
   "level": "trace"},
  {"message":
   "Ocl2Gratra.lean:136:0: 'Ocl2Gratra.VerifiedPipeline.compile_round_trip' depends on axioms: [propext]",
   "level": "info"},
  {"message":
   "Ocl2Gratra.lean:137:0: 'Ocl2Gratra.VerifiedPipeline.compiled_value_preservation' depends on axioms: [propext]",
   "level": "info"},
  {"message":
   "Ocl2Gratra.lean:138:0: 'Ocl2Gratra.VerifiedPipeline.all_semantic_stages_agree' depends on axioms: [propext, Classical.choice, Quot.sound]",
   "level": "info"},
  {"message":
   "Ocl2Gratra.lean:139:0: 'Ocl2Gratra.VerifiedPipeline.compiled_exact_violation_ids' depends on axioms: [propext]",
   "level": "info"},
  {"message":
   "Ocl2Gratra.lean:140:0: 'Ocl2Gratra.VerifiedPipeline.formal_pipeline_correct' depends on axioms: [propext]",
   "level": "info"}],
 "inputs":
 [["Ocl2Gratra:deps",
   [["deps",
     [["Ocl2CypherProof/Ocl2Gratra:extraDep",
       [["@Ocl2CypherProof:extraDep", "00000000000006bb"]]],
      ["imports",
       [["Ocl2Gratra.Boolean3Kleene transitive imports (legacy)",
         "00000000000006bb"],
        ["Ocl2Gratra.Boolean3Kleene:importAllArts", "b44f4a99e1d983c1"],
        ["Ocl2Gratra.CollectionPipeline transitive imports (legacy)",
         "8dab4db967c994a5"],
        ["Ocl2Gratra.CollectionPipeline:importAllArts", "17dfdf187e0b99bb"],
        ["Ocl2Gratra.ExactRealField transitive imports (legacy)",
         "00000000000006bb"],
        ["Ocl2Gratra.ExactRealField:importAllArts", "cff2e759fe1b65dd"],
        ["Ocl2Gratra.IntegerRangeCertificate transitive imports (legacy)",
         "00000000000006bb"],
        ["Ocl2Gratra.IntegerRangeCertificate:importAllArts",
         "e4d0dbd2a191b451"],
        ["Ocl2Gratra.OclEqualityTotal transitive imports (legacy)",
         "8dab4db967c994a5"],
        ["Ocl2Gratra.OclEqualityTotal:importAllArts", "10ddb92adf17795d"],
        ["Ocl2Gratra.OclTypeLattice transitive imports (legacy)",
         "00000000000006bb"],
        ["Ocl2Gratra.OclTypeLattice:importAllArts", "030eb35785eb14e8"],
        ["Ocl2Gratra.ProductionQSyntax transitive imports (legacy)",
         "5681a9606a91376a"],
        ["Ocl2Gratra.ProductionQSyntax:importAllArts", "22612faecde2b423"],
        ["Ocl2Gratra.ProductionEndToEnd transitive imports (legacy)",
         "f3957e36eb86f4f6"],
        ["Ocl2Gratra.ProductionEndToEnd:importAllArts", "694c8129d1bc448d"],
        ["Ocl2Gratra.ScalarCodec transitive imports (legacy)",
         "02323d7dc360f656"],
        ["Ocl2Gratra.ScalarCodec:importAllArts", "7bff3ab3d4bfc2df"],
        ["Ocl2Gratra.DifferentialTheorem transitive imports (legacy)",
         "41652c6ade205bd4"],
        ["Ocl2Gratra.DifferentialTheorem:importAllArts", "d60408a914f5c9f2"],
        ["Ocl2Gratra.AdmittedPipeline transitive imports (legacy)",
         "f3957e36eb86f4f6"],
        ["Ocl2Gratra.AdmittedPipeline:importAllArts", "b4390be5d08b2e34"],
        ["Ocl2Gratra.AdmittedSerialization transitive imports (legacy)",
         "4eb6cbb5477cfe0c"],
        ["Ocl2Gratra.AdmittedSerialization:importAllArts", "c0d544c7a923a8bb"],
        ["Ocl2Gratra.FullP3P4 transitive imports (legacy)", "8825c29ba291c140"],
        ["Ocl2Gratra.FullP3P4:importAllArts", "7b1f39bece670220"],
        ["Ocl2Gratra.CypherCanonicalGrammar transitive imports (legacy)",
         "00000000000006bb"],
        ["Ocl2Gratra.CypherCanonicalGrammar:importAllArts", "bc424cf3c0b5e96c"],
        ["Ocl2Gratra.CypherIdentifierText transitive imports (legacy)",
         "0ede4e6530d0b533"],
        ["Ocl2Gratra.CypherIdentifierText:importAllArts", "13c68f49dd7cdf6e"],
        ["Ocl2Gratra.CypherStringText transitive imports (legacy)",
         "7c3fd03d2df22993"],
        ["Ocl2Gratra.CypherStringText:importAllArts", "4b35b078b375fa8d"],
        ["Ocl2Gratra.CypherParameterText transitive imports (legacy)",
         "d81802e2eaff003e"],
        ["Ocl2Gratra.CypherParameterText:importAllArts", "d1c878ec48abefc1"],
        ["Ocl2Gratra.CypherIntegerText transitive imports (legacy)",
         "dfa88de1bd97631a"],
        ["Ocl2Gratra.CypherIntegerText:importAllArts", "44bd47732695a922"]]]]],
    ["libs",
     [["import dynlibs", "00000000000006bb"],
      ["package external libraries", "00000000000006bb"],
      ["module dynlibs", "00000000000006bb"],
      ["module plugins", "00000000000006bb"]]]]],
  ["Lean 4.32.2, commit f3b06c705e6c85f5314019d5d3baab0fec5b580c",
   "7508232886a2752a"],
  ["G:\\TGG-OCL-Neo4j\\use-neo4j\\verification\\lean\\Ocl2Gratra.lean",
   "a762c25164293ad2"],
  ["options", "00000000000006bb"],
  ["isModule: false", "feefd2a0d3a1847e"],
  ["Module.name: Ocl2Gratra", "add7d8213d1446e8"],
  ["Package.id?: (some Ocl2CypherProof)", "957a07e6278a3948"],
  ["Module.leanArgs: #[]", "00000000000006bb"]],
 "depHash": "331900a0a8eee4da"}