{"synthetic": false,
 "schemaVersion": "2025-09-10",
 "outputs":
 {"o": ["be5c620ab1cf3731.olean"],
  "m": false,
  "i": "389e3da646139945.ilean",
  "c": "d97047fc1bbabbbf.c"},
 "log":
 [{"message":
   ".> LEAN_PATH=G:\\TGG-OCL-Neo4j\\use-neo4j\\verification\\lean\\.lake\\build\\lib\\lean c:\\Users\\Admin\\.elan\\toolchains\\leanprover--lean4---v4.32.2\\bin\\lean.exe G:\\TGG-OCL-Neo4j\\use-neo4j\\verification\\lean\\Ocl2Gratra\\AdmittedSerialization.lean -o G:\\TGG-OCL-Neo4j\\use-neo4j\\verification\\lean\\.lake\\build\\lib\\lean\\Ocl2Gratra\\AdmittedSerialization.olean -i G:\\TGG-OCL-Neo4j\\use-neo4j\\verification\\lean\\.lake\\build\\lib\\lean\\Ocl2Gratra\\AdmittedSerialization.ilean -c G:\\TGG-OCL-Neo4j\\use-neo4j\\verification\\lean\\.lake\\build\\ir\\Ocl2Gratra\\AdmittedSerialization.c --setup G:\\TGG-OCL-Neo4j\\use-neo4j\\verification\\lean\\.lake\\build\\ir\\Ocl2Gratra\\AdmittedSerialization.setup.json --json",
   "level": "trace"},
  {"message":
   "Ocl2Gratra/AdmittedSerialization.lean:121:0: 'Ocl2Gratra.AdmittedSerialization.run_append' depends on axioms: [propext]",
   "level": "info"},
  {"message":
   "Ocl2Gratra/AdmittedSerialization.lean:122:0: 'Ocl2Gratra.AdmittedSerialization.run_serialize' depends on axioms: [propext]",
   "level": "info"},
  {"message":
   "Ocl2Gratra/AdmittedSerialization.lean:123:0: 'Ocl2Gratra.AdmittedSerialization.deserialize_serialize' depends on axioms: [propext]",
   "level": "info"},
  {"message":
   "Ocl2Gratra/AdmittedSerialization.lean:124:0: 'Ocl2Gratra.AdmittedSerialization.serialization_preserves_denotation' depends on axioms: [propext]",
   "level": "info"}],
 "inputs":
 [["Ocl2Gratra.AdmittedSerialization:deps",
   [["deps",
     [["Ocl2CypherProof/Ocl2Gratra:extraDep",
       [["@Ocl2CypherProof:extraDep", "00000000000006bb"]]],
      ["imports",
       [["Ocl2Gratra.AdmittedPipeline transitive imports (legacy)",
         "f3957e36eb86f4f6"],
        ["Ocl2Gratra.AdmittedPipeline:importAllArts", "b4390be5d08b2e34"]]]]],
    ["libs",
     [["import dynlibs", "00000000000006bb"],
      ["package external libraries", "00000000000006bb"],
      ["module dynlibs", "00000000000006bb"],
      ["module plugins", "00000000000006bb"]]]]],
  ["Lean 4.32.2, commit f3b06c705e6c85f5314019d5d3baab0fec5b580c",
   "7508232886a2752a"],
  ["G:\\TGG-OCL-Neo4j\\use-neo4j\\verification\\lean\\Ocl2Gratra\\AdmittedSerialization.lean",
   "4972f2e14e4603ec"],
  ["options", "00000000000006bb"],
  ["isModule: false", "feefd2a0d3a1847e"],
  ["Module.name: Ocl2Gratra.AdmittedSerialization", "b2ffdad3d2749d13"],
  ["Package.id?: (some Ocl2CypherProof)", "957a07e6278a3948"],
  ["Module.leanArgs: #[]", "00000000000006bb"]],
 "depHash": "21c1942609c568bd"}