{"synthetic": false,
 "schemaVersion": "2025-09-10",
 "outputs":
 {"o": ["71fba1f5c17402e9.olean"],
  "m": false,
  "i": "252165cb56de0ad0.ilean",
  "c": "e7bec64b26f00df4.c"},
 "log":
 [{"message":
   ".> LEAN_PATH=G:\\TGG-OCL-Neo4j\\use-neo4j\\verification\\lean\\.lake\\build\\lib\\lean c:\\Users\\Admin\\.elan\\toolchains\\leanprover--lean4---v4.32.2\\bin\\lean.exe G:\\TGG-OCL-Neo4j\\use-neo4j\\verification\\lean\\Ocl2Gratra\\DifferentialTheorem.lean -o G:\\TGG-OCL-Neo4j\\use-neo4j\\verification\\lean\\.lake\\build\\lib\\lean\\Ocl2Gratra\\DifferentialTheorem.olean -i G:\\TGG-OCL-Neo4j\\use-neo4j\\verification\\lean\\.lake\\build\\lib\\lean\\Ocl2Gratra\\DifferentialTheorem.ilean -c G:\\TGG-OCL-Neo4j\\use-neo4j\\verification\\lean\\.lake\\build\\ir\\Ocl2Gratra\\DifferentialTheorem.c --setup G:\\TGG-OCL-Neo4j\\use-neo4j\\verification\\lean\\.lake\\build\\ir\\Ocl2Gratra\\DifferentialTheorem.setup.json --json",
   "level": "trace"}],
 "inputs":
 [["Ocl2Gratra.DifferentialTheorem:deps",
   [["deps",
     [["Ocl2CypherProof/Ocl2Gratra:extraDep",
       [["@Ocl2CypherProof:extraDep", "00000000000006bb"]]],
      ["imports",
       [["Ocl2Gratra.Boolean3Kleene transitive imports (legacy)",
         "00000000000006bb"],
        ["Ocl2Gratra.Boolean3Kleene:importAllArts", "b44f4a99e1d983c1"],
        ["Ocl2Gratra.OclEqualityTotal transitive imports (legacy)",
         "8dab4db967c994a5"],
        ["Ocl2Gratra.OclEqualityTotal:importAllArts", "10ddb92adf17795d"],
        ["Ocl2Gratra.OclTypeLattice transitive imports (legacy)",
         "00000000000006bb"],
        ["Ocl2Gratra.OclTypeLattice:importAllArts", "030eb35785eb14e8"]]]]],
    ["libs",
     [["import dynlibs", "00000000000006bb"],
      ["package external libraries", "00000000000006bb"],
      ["module dynlibs", "00000000000006bb"],
      ["module plugins", "00000000000006bb"]]]]],
  ["Lean 4.32.2, commit f3b06c705e6c85f5314019d5d3baab0fec5b580c",
   "7508232886a2752a"],
  ["G:\\TGG-OCL-Neo4j\\use-neo4j\\verification\\lean\\Ocl2Gratra\\DifferentialTheorem.lean",
   "7c2d2f43672356ef"],
  ["options", "00000000000006bb"],
  ["isModule: false", "feefd2a0d3a1847e"],
  ["Module.name: Ocl2Gratra.DifferentialTheorem", "6b464a705fe0b9c0"],
  ["Package.id?: (some Ocl2CypherProof)", "957a07e6278a3948"],
  ["Module.leanArgs: #[]", "00000000000006bb"]],
 "depHash": "de13a5c8f4acce87"}